src/config/prisma.ts(1,10): error TS2305: Module '"@prisma/client"' has no exported member 'PrismaClient'.
src/middleware/auth.middleware.ts(2,17): error TS7016: Could not find a declaration file for module 'jsonwebtoken'. 'D:/AJ/Maestros/backend/node_modules/jsonwebtoken/index.js' implicitly has an 'any' type.
  Try `npm i --save-dev @types/jsonwebtoken` if it exists or add a new declaration (.d.ts) file containing `declare module 'jsonwebtoken';`
src/middleware/validateRequest.ts(2,37): error TS2307: Cannot find module 'zod' or its corresponding type declarations.
src/utils/jwt.ts(1,17): error TS7016: Could not find a declaration file for module 'jsonwebtoken'. 'D:/AJ/Maestros/backend/node_modules/jsonwebtoken/index.js' implicitly has an 'any' type.
  Try `npm i --save-dev @types/jsonwebtoken` if it exists or add a new declaration (.d.ts) file containing `declare module 'jsonwebtoken';`
src/utils/PasswordUtilites.ts(1,20): error TS2307: Cannot find module 'bcrypt' or its corresponding type declarations.
